// Jest Snapshot v1, https://goo.gl/fbAQLP

exports[`ModalBody basic test 1`] = `
<div
  className="sdc-modal__content "
/>
`;
