// Jest Snapshot v1, https://goo.gl/fbAQLP

exports[`ModalTitle basic test 1`] = `
<div
  className="title "
>
  Title
</div>
`;
