// Jest Snapshot v1, https://goo.gl/fbAQLP

exports[`Panel Panel - Default 1`] = `
<div
  className="sdc-panel "
>
  Panel
</div>
`;
